../LWIP/Target/ethernetif.c:141:6:HAL_ETH_RxCpltCallback	16	static
../LWIP/Target/ethernetif.c:150:6:HAL_ETH_TxCpltCallback	16	static
../LWIP/Target/ethernetif.c:159:6:HAL_ETH_ErrorCallback	16	static
../LWIP/Target/ethernetif.c:181:13:low_level_init	176	static
../LWIP/Target/ethernetif.c:354:14:low_level_output	80	static
../LWIP/Target/ethernetif.c:412:22:low_level_input	24	static
../LWIP/Target/ethernetif.c:433:6:ethernetif_input	24	static
../LWIP/Target/ethernetif.c:490:7:ethernetif_init	16	static
../LWIP/Target/ethernetif.c:541:6:pbuf_free_custom	24	static
../LWIP/Target/ethernetif.c:564:7:sys_now	8	static
../LWIP/Target/ethernetif.c:577:6:HAL_ETH_MspInit	64	static
../LWIP/Target/ethernetif.c:632:6:HAL_ETH_MspDeInit	16	static
../LWIP/Target/ethernetif.c:676:9:ETH_PHY_IO_Init	8	static
../LWIP/Target/ethernetif.c:693:9:ETH_PHY_IO_DeInit	4	static
../LWIP/Target/ethernetif.c:705:9:ETH_PHY_IO_ReadReg	24	static
../LWIP/Target/ethernetif.c:722:9:ETH_PHY_IO_WriteReg	24	static
../LWIP/Target/ethernetif.c:736:9:ETH_PHY_IO_GetTick	8	static
../LWIP/Target/ethernetif.c:745:6:ethernet_link_thread	136	static
../LWIP/Target/ethernetif.c:815:6:HAL_ETH_RxAllocateCallback	32	static
../LWIP/Target/ethernetif.c:837:6:HAL_ETH_RxLinkCallback	40	static
../LWIP/Target/ethernetif.c:874:6:HAL_ETH_TxFreeCallback	16	static
