../Modules/libiec61850/Src/mms/asn1/ber_encoder.c:28:1:BerEncoder_encodeLength	24	static
../Modules/libiec61850/Src/mms/asn1/ber_encoder.c:55:1:BerEncoder_encodeTL	24	static
../Modules/libiec61850/Src/mms/asn1/ber_encoder.c:64:1:BerEncoder_encodeBoolean	24	static
../Modules/libiec61850/Src/mms/asn1/ber_encoder.c:78:1:BerEncoder_encodeStringWithTag	32	static
../Modules/libiec61850/Src/mms/asn1/ber_encoder.c:99:1:BerEncoder_encodeAsn1PrimitiveValue	32	static
../Modules/libiec61850/Src/mms/asn1/ber_encoder.c:114:1:BerEncoder_encodeOctetString	32	static
../Modules/libiec61850/Src/mms/asn1/ber_encoder.c:129:1:BerEncoder_encodeBitString	40	static
../Modules/libiec61850/Src/mms/asn1/ber_encoder.c:164:1:BerEncoder_determineEncodedBitStringSize	24	static
../Modules/libiec61850/Src/mms/asn1/ber_encoder.c:181:1:BerEncoder_revertByteOrder	24	static
../Modules/libiec61850/Src/mms/asn1/ber_encoder.c:193:1:BerEncoder_compressInteger	40	static
../Modules/libiec61850/Src/mms/asn1/ber_encoder.c:232:1:BerEncoder_encodeUInt32	48	static
../Modules/libiec61850/Src/mms/asn1/ber_encoder.c:258:1:BerEncoder_encodeInt32	40	static
../Modules/libiec61850/Src/mms/asn1/ber_encoder.c:285:1:BerEncoder_encodeUInt32WithTL	48	static
../Modules/libiec61850/Src/mms/asn1/ber_encoder.c:314:1:BerEncoder_encodeFloat	40	static
../Modules/libiec61850/Src/mms/asn1/ber_encoder.c:338:1:BerEncoder_UInt32determineEncodedSize	40	static
../Modules/libiec61850/Src/mms/asn1/ber_encoder.c:360:1:BerEncoder_determineLengthSize	16	static
../Modules/libiec61850/Src/mms/asn1/ber_encoder.c:373:1:BerEncoder_determineEncodedStringSize	24	static
../Modules/libiec61850/Src/mms/asn1/ber_encoder.c:391:1:BerEncoder_encodeOIDToBuffer	56	static
