../Modules/libiec61850/sampled_values/sv_publisher.c:87:1:preparePacketBuffer	56	static
../Modules/libiec61850/sampled_values/sv_publisher.c:184:1:encodeUInt16FixedSize	32	static
../Modules/libiec61850/sampled_values/sv_publisher.c:200:1:encodeUInt32FixedSize	32	static
../Modules/libiec61850/sampled_values/sv_publisher.c:220:1:encodeInt32FixedSize	32	static
../Modules/libiec61850/sampled_values/sv_publisher.c:240:1:encodeInt64FixedSize	32	static
../Modules/libiec61850/sampled_values/sv_publisher.c:268:1:SVPublisher_createEx	32	static
../Modules/libiec61850/sampled_values/sv_publisher.c:286:1:SVPublisher_create	16	static
../Modules/libiec61850/sampled_values/sv_publisher.c:292:1:SVPublisher_addASDU	32	static
../Modules/libiec61850/sampled_values/sv_publisher.c:318:1:SVPublisher_ASDU_getEncodedSize	32	static
../Modules/libiec61850/sampled_values/sv_publisher.c:361:1:SVPublisher_ASDU_encodeToBuffer	32	static
../Modules/libiec61850/sampled_values/sv_publisher.c:419:1:SVPublisher_setupComplete	64	static
../Modules/libiec61850/sampled_values/sv_publisher.c:478:1:SVPublisher_publish	16	static
../Modules/libiec61850/sampled_values/sv_publisher.c:487:1:SVPublisher_destroy	24	static
../Modules/libiec61850/sampled_values/sv_publisher.c:512:1:SVPublisher_ASDU_resetBuffer	16	static
../Modules/libiec61850/sampled_values/sv_publisher.c:519:1:SVPublisher_ASDU_addINT8	24	static
../Modules/libiec61850/sampled_values/sv_publisher.c:529:1:SVPublisher_ASDU_setINT8	24	static
../Modules/libiec61850/sampled_values/sv_publisher.c:535:1:SVPublisher_ASDU_addINT32	24	static
../Modules/libiec61850/sampled_values/sv_publisher.c:545:1:SVPublisher_ASDU_setINT32	24	static
../Modules/libiec61850/sampled_values/sv_publisher.c:551:1:SVPublisher_ASDU_addINT64	24	static
../Modules/libiec61850/sampled_values/sv_publisher.c:561:1:SVPublisher_ASDU_setINT64	24	static
../Modules/libiec61850/sampled_values/sv_publisher.c:567:1:SVPublisher_ASDU_addFLOAT	24	static
../Modules/libiec61850/sampled_values/sv_publisher.c:577:1:SVPublisher_ASDU_setFLOAT	40	static
../Modules/libiec61850/sampled_values/sv_publisher.c:596:1:SVPublisher_ASDU_addFLOAT64	24	static
../Modules/libiec61850/sampled_values/sv_publisher.c:604:1:SVPublisher_ASDU_setFLOAT64	40	static
../Modules/libiec61850/sampled_values/sv_publisher.c:622:1:SVPublisher_ASDU_addTimestamp	24	static
../Modules/libiec61850/sampled_values/sv_publisher.c:630:1:SVPublisher_ASDU_setTimestamp	32	static
../Modules/libiec61850/sampled_values/sv_publisher.c:642:1:SVPublisher_ASDU_addQuality	24	static
../Modules/libiec61850/sampled_values/sv_publisher.c:650:1:SVPublisher_ASDU_setQuality	32	static
../Modules/libiec61850/sampled_values/sv_publisher.c:660:1:SVPublisher_ASDU_getSmpCnt	16	static
../Modules/libiec61850/sampled_values/sv_publisher.c:666:1:SVPublisher_ASDU_setSmpCnt	16	static
../Modules/libiec61850/sampled_values/sv_publisher.c:675:1:SVPublisher_ASDU_setSmpCntWrap	16	static
../Modules/libiec61850/sampled_values/sv_publisher.c:681:1:SVPublisher_ASDU_increaseSmpCnt	16	static
../Modules/libiec61850/sampled_values/sv_publisher.c:690:1:SVPublisher_ASDU_enableRefrTm	16	static
../Modules/libiec61850/sampled_values/sv_publisher.c:696:1:SVPublisher_ASDU_setRefrTmNs	24	static
../Modules/libiec61850/sampled_values/sv_publisher.c:707:1:SVPublisher_ASDU_setRefrTm	24	static
../Modules/libiec61850/sampled_values/sv_publisher.c:718:1:SVPublisher_ASDU_setRefrTmByTimestamp	16	static
../Modules/libiec61850/sampled_values/sv_publisher.c:727:1:SVPublisher_ASDU_setSmpMod	16	static
../Modules/libiec61850/sampled_values/sv_publisher.c:734:1:SVPublisher_ASDU_setSmpRate	16	static
../Modules/libiec61850/sampled_values/sv_publisher.c:741:1:SVPublisher_ASDU_setSmpSynch	16	static
../Modules/libiec61850/sampled_values/sv_publisher.c:752:1:SampledValuesPublisher_create	16	static
../Modules/libiec61850/sampled_values/sv_publisher.c:758:1:SampledValuesPublisher_addASDU	24	static
../Modules/libiec61850/sampled_values/sv_publisher.c:764:1:SampledValuesPublisher_setupComplete	16	static
../Modules/libiec61850/sampled_values/sv_publisher.c:770:1:SampledValuesPublisher_publish	16	static
../Modules/libiec61850/sampled_values/sv_publisher.c:776:1:SampledValuesPublisher_destroy	16	static
../Modules/libiec61850/sampled_values/sv_publisher.c:782:1:SV_ASDU_resetBuffer	16	static
../Modules/libiec61850/sampled_values/sv_publisher.c:788:1:SV_ASDU_addINT8	16	static
../Modules/libiec61850/sampled_values/sv_publisher.c:794:1:SV_ASDU_setINT8	24	static
../Modules/libiec61850/sampled_values/sv_publisher.c:800:1:SV_ASDU_addINT32	16	static
../Modules/libiec61850/sampled_values/sv_publisher.c:806:1:SV_ASDU_setINT32	24	static
../Modules/libiec61850/sampled_values/sv_publisher.c:812:1:SV_ASDU_addINT64	16	static
../Modules/libiec61850/sampled_values/sv_publisher.c:818:1:SV_ASDU_setINT64	24	static
../Modules/libiec61850/sampled_values/sv_publisher.c:824:1:SV_ASDU_addFLOAT	16	static
../Modules/libiec61850/sampled_values/sv_publisher.c:830:1:SV_ASDU_setFLOAT	24	static
../Modules/libiec61850/sampled_values/sv_publisher.c:836:1:SV_ASDU_addFLOAT64	16	static
../Modules/libiec61850/sampled_values/sv_publisher.c:842:1:SV_ASDU_setFLOAT64	24	static
../Modules/libiec61850/sampled_values/sv_publisher.c:848:1:SV_ASDU_setSmpCnt	16	static
../Modules/libiec61850/sampled_values/sv_publisher.c:854:1:SV_ASDU_getSmpCnt	16	static
../Modules/libiec61850/sampled_values/sv_publisher.c:860:1:SV_ASDU_increaseSmpCnt	16	static
../Modules/libiec61850/sampled_values/sv_publisher.c:866:1:SV_ASDU_setRefrTm	24	static
../Modules/libiec61850/sampled_values/sv_publisher.c:872:1:SV_ASDU_setSmpMod	16	static
../Modules/libiec61850/sampled_values/sv_publisher.c:878:1:SV_ASDU_setSmpRate	16	static
